// Jest Snapshot v1, https://goo.gl/fbAQLP

exports[`<ProductImage /> tests should show image in component 1`] = `
<img
  alt="Product"
  className="productImg custom-class"
  src="https://foto.jpg"
/>
`;

exports[`<ProductImage /> tests should show productImage in image 1`] = `
<div
  className="productCard undefined"
>
  <img
    alt="Product"
    className="productImg undefined"
    src="/coffee-mug.png"
  />
</div>
`;
